Archive member included to satisfy reference by file (symbol)

sdk/USB30Lib/libCH56x_USB30_device_lib.a(usb30_int.o)
                              build/src/CH56x_usb30.o (USB30_Device_Init)
sdk/USB30Lib/libCH56x_USB30_device_lib.a(CH56x_ecdc.o)
                              build/sdk/Peripheral/src/CH56x_emmc.o (ECDC_SetCount)
/opt/xpack/bin/../lib/gcc/riscv-none-elf/12.2.0/../../../../riscv-none-elf/lib/libc_nano.a(lib_a-memcpy-asm.o)
                              build/src/CH56x_usb30.o (memcpy)
/opt/xpack/bin/../lib/gcc/riscv-none-elf/12.2.0/../../../../riscv-none-elf/lib/libc_nano.a(lib_a-printf.o)
                              build/src/Main.o (printf)
/opt/xpack/bin/../lib/gcc/riscv-none-elf/12.2.0/../../../../riscv-none-elf/lib/libc_nano.a(lib_a-puts.o)
                              build/src/Main.o (puts)
/opt/xpack/bin/../lib/gcc/riscv-none-elf/12.2.0/../../../../riscv-none-elf/lib/libc_nano.a(lib_a-wbuf.o)
                              /opt/xpack/bin/../lib/gcc/riscv-none-elf/12.2.0/../../../../riscv-none-elf/lib/libc_nano.a(lib_a-puts.o) (__swbuf_r)
/opt/xpack/bin/../lib/gcc/riscv-none-elf/12.2.0/../../../../riscv-none-elf/lib/libc_nano.a(lib_a-wsetup.o)
                              /opt/xpack/bin/../lib/gcc/riscv-none-elf/12.2.0/../../../../riscv-none-elf/lib/libc_nano.a(lib_a-puts.o) (__swsetup_r)
/opt/xpack/bin/../lib/gcc/riscv-none-elf/12.2.0/../../../../riscv-none-elf/lib/libc_nano.a(lib_a-fflush.o)
                              /opt/xpack/bin/../lib/gcc/riscv-none-elf/12.2.0/../../../../riscv-none-elf/lib/libc_nano.a(lib_a-wbuf.o) (_fflush_r)
/opt/xpack/bin/../lib/gcc/riscv-none-elf/12.2.0/../../../../riscv-none-elf/lib/libc_nano.a(lib_a-findfp.o)
                              /opt/xpack/bin/../lib/gcc/riscv-none-elf/12.2.0/../../../../riscv-none-elf/lib/libc_nano.a(lib_a-printf.o) (__sinit)
/opt/xpack/bin/../lib/gcc/riscv-none-elf/12.2.0/../../../../riscv-none-elf/lib/libc_nano.a(lib_a-fwalk.o)
                              /opt/xpack/bin/../lib/gcc/riscv-none-elf/12.2.0/../../../../riscv-none-elf/lib/libc_nano.a(lib_a-findfp.o) (_fwalk)
/opt/xpack/bin/../lib/gcc/riscv-none-elf/12.2.0/../../../../riscv-none-elf/lib/libc_nano.a(lib_a-impure.o)
                              /opt/xpack/bin/../lib/gcc/riscv-none-elf/12.2.0/../../../../riscv-none-elf/lib/libc_nano.a(lib_a-fflush.o) (_global_impure_ptr)
/opt/xpack/bin/../lib/gcc/riscv-none-elf/12.2.0/../../../../riscv-none-elf/lib/libc_nano.a(lib_a-lock.o)
                              /opt/xpack/bin/../lib/gcc/riscv-none-elf/12.2.0/../../../../riscv-none-elf/lib/libc_nano.a(lib_a-findfp.o) (__retarget_lock_init_recursive)
/opt/xpack/bin/../lib/gcc/riscv-none-elf/12.2.0/../../../../riscv-none-elf/lib/libc_nano.a(lib_a-makebuf.o)
                              /opt/xpack/bin/../lib/gcc/riscv-none-elf/12.2.0/../../../../riscv-none-elf/lib/libc_nano.a(lib_a-wsetup.o) (__smakebuf_r)
/opt/xpack/bin/../lib/gcc/riscv-none-elf/12.2.0/../../../../riscv-none-elf/lib/libc_nano.a(lib_a-memset.o)
                              /opt/xpack/bin/../lib/gcc/riscv-none-elf/12.2.0/../../../../riscv-none-elf/lib/libc_nano.a(lib_a-findfp.o) (memset)
/opt/xpack/bin/../lib/gcc/riscv-none-elf/12.2.0/../../../../riscv-none-elf/lib/libc_nano.a(lib_a-nano-freer.o)
                              /opt/xpack/bin/../lib/gcc/riscv-none-elf/12.2.0/../../../../riscv-none-elf/lib/libc_nano.a(lib_a-wsetup.o) (_free_r)
/opt/xpack/bin/../lib/gcc/riscv-none-elf/12.2.0/../../../../riscv-none-elf/lib/libc_nano.a(lib_a-nano-mallocr.o)
                              /opt/xpack/bin/../lib/gcc/riscv-none-elf/12.2.0/../../../../riscv-none-elf/lib/libc_nano.a(lib_a-findfp.o) (_malloc_r)
/opt/xpack/bin/../lib/gcc/riscv-none-elf/12.2.0/../../../../riscv-none-elf/lib/libc_nano.a(lib_a-nano-vfprintf.o)
                              /opt/xpack/bin/../lib/gcc/riscv-none-elf/12.2.0/../../../../riscv-none-elf/lib/libc_nano.a(lib_a-printf.o) (_vfprintf_r)
/opt/xpack/bin/../lib/gcc/riscv-none-elf/12.2.0/../../../../riscv-none-elf/lib/libc_nano.a(lib_a-nano-vfprintf_i.o)
                              /opt/xpack/bin/../lib/gcc/riscv-none-elf/12.2.0/../../../../riscv-none-elf/lib/libc_nano.a(lib_a-nano-vfprintf.o) (_printf_i)
/opt/xpack/bin/../lib/gcc/riscv-none-elf/12.2.0/../../../../riscv-none-elf/lib/libc_nano.a(lib_a-sbrkr.o)
                              /opt/xpack/bin/../lib/gcc/riscv-none-elf/12.2.0/../../../../riscv-none-elf/lib/libc_nano.a(lib_a-nano-mallocr.o) (_sbrk_r)
/opt/xpack/bin/../lib/gcc/riscv-none-elf/12.2.0/../../../../riscv-none-elf/lib/libc_nano.a(lib_a-stdio.o)
                              /opt/xpack/bin/../lib/gcc/riscv-none-elf/12.2.0/../../../../riscv-none-elf/lib/libc_nano.a(lib_a-findfp.o) (__sread)
/opt/xpack/bin/../lib/gcc/riscv-none-elf/12.2.0/../../../../riscv-none-elf/lib/libc_nano.a(lib_a-writer.o)
                              /opt/xpack/bin/../lib/gcc/riscv-none-elf/12.2.0/../../../../riscv-none-elf/lib/libc_nano.a(lib_a-stdio.o) (_write_r)
[...]
Memory Configuration

Name             Origin             Length             Attributes
FLASH            0x0000000000000000 0x0000000000070000 xr
RAM              0x0000000020000000 0x0000000000004000 xrw
RAMX             0x0000000020020000 0x0000000000018000 xrw
*default*        0x0000000000000000 0xffffffffffffffff

Linker script and memory map

LOAD build/src/Main.o
LOAD build/src/CH56x_usb30.o
LOAD build/src/CH56x_usb20.o
LOAD build/src/SW_UDISK.o
LOAD build/src/SD.o
LOAD build/src/sd_storage.o
LOAD build/src/cdc_uart.o
LOAD build/src/debug_cdc.o
LOAD build/src/ownership.o
LOAD build/sdk/Peripheral/src/CH56x_clk.o
LOAD build/sdk/Peripheral/src/CH56x_emmc.o
LOAD build/sdk/Peripheral/src/CH56x_gpio.o
LOAD build/sdk/Peripheral/src/CH56x_pwr.o
LOAD build/sdk/Peripheral/src/CH56x_sys.o
LOAD build/sdk/Peripheral/src/CH56x_timer.o
LOAD build/sdk/Peripheral/src/CH56x_uart.o
LOAD build/sdk/RVMSIS/core_riscv.o
LOAD build/sdk/Startup/startup_CH56x.o
LOAD sdk/USB30Lib/libCH56x_USB30_device_lib.a
LOAD /opt/xpack/bin/../lib/gcc/riscv-none-elf/12.2.0/libgcc.a
LOAD /opt/xpack/bin/../lib/gcc/riscv-none-elf/12.2.0/../../../../riscv-none-elf/lib/libc_nano.a
LOAD /opt/xpack/bin/../lib/gcc/riscv-none-elf/12.2.0/libgcc.a
START GROUP
LOAD /opt/xpack/bin/../lib/gcc/riscv-none-elf/12.2.0/libgcc.a
LOAD /opt/xpack/bin/../lib/gcc/riscv-none-elf/12.2.0/../../../../riscv-none-elf/lib/libc_nano.a
LOAD /opt/xpack/bin/../lib/gcc/riscv-none-elf/12.2.0/../../../../riscv-none-elf/lib/libnosys.a
END GROUP
START GROUP
LOAD /opt/xpack/bin/../lib/gcc/riscv-none-elf/12.2.0/libgcc.a
LOAD /opt/xpack/bin/../lib/gcc/riscv-none-elf/12.2.0/../../../../riscv-none-elf/lib/libc_nano.a
LOAD /opt/xpack/bin/../lib/gcc/riscv-none-elf/12.2.0/../../../../riscv-none-elf/lib/libnosys.a
END GROUP
                0x0000000000000800                __stack_size = 0x800
                [!provide]                        PROVIDE (_stack_size = __stack_size)

.init           0x0000000000000000        0x4
                0x0000000000000000                _sinit = .
                0x0000000000000000                . = ALIGN (0x4)
 *(SORT_NONE(.init))
 .init          0x0000000000000000        0x4 build/sdk/Startup/startup_CH56x.o
                0x0000000000000000                _start
                0x0000000000000004                . = ALIGN (0x4)
                0x0000000000000004                _einit = .

.vector         0x0000000000000004       0xbc
 *(.vector)
 .vector        0x0000000000000004       0x94 build/sdk/Startup/startup_CH56x.o
                0x00000000000000c0                . = ALIGN (0x40)
 *fill*         0x0000000000000098       0x28 

.hclib          0x0000000000000000        0x0
                0x0000000000000000                . = ALIGN (0x4)
 *ISPEM569.o(*)
                0x0000000000000000                . = ALIGN (0x4)

.text           0x00000000000000c0     0x50cc
                0x00000000000000c0                . = ALIGN (0x4)
 *(.text)
 .text          0x00000000000000c0      0x4f0 sdk/USB30Lib/libCH56x_USB30_device_lib.a(usb30_int.o)
                0x00000000000000c0                USB30_Device_forceclr
                0x00000000000000ca                USB30_Device_Init
                0x000000000000015a                USB30_Lib_Getversion
                0x0000000000000160                USB30_ISO_Setendp
                0x00000000000001a0                USB30_ISO_Setdelay
                0x00000000000001a8                USB30_ITP_Enable
                0x00000000000001d6                USB30_OUT_Status
                0x00000000000001fc                USB30_OUT_Set
                0x0000000000000216                USB30_OUT_ClearIT
                0x000000000000022e                USB30_OUT_ClearPendingIT
                0x0000000000000244                USB30_OUT_ITflag
                0x000000000000025a                USB30_IN_ISO_Set
                0x0000000000000286                USB30_IN_Set
                0x00000000000002aa                USB30_IN_ClearPendingIT
                0x00000000000002c0                USB30_IN_ClearIT
                0x00000000000002d8                USB30_IN_ITflag
                0x00000000000002ee                USB30_IN_Nump
                0x0000000000000316                USB30_Set_endp_seqnumber
                0x0000000000000344                USB30_Send_ERDY
                0x0000000000000368                USB30_Device_Setaddress
                0x000000000000037e                USB30_Switch_Powermode
                0x0000000000000392                USB30_getDevAddress
                0x000000000000039c                stdreq
                0x000000000000042a                USB30_IRQHandler
 .text          0x00000000000005b0       0x16 /opt/xpack/bin/../lib/gcc/riscv-none-elf/12.2.0/../../../../riscv-none-elf/lib/libc_nano.a(lib_a-memcpy-asm.o)
                0x00000000000005b0                memcpy
 .text          0x00000000000005c6       0x10 /opt/xpack/bin/../lib/gcc/riscv-none-elf/12.2.0/../../../../riscv-none-elf/lib/libc_nano.a(lib_a-memset.o)
                0x00000000000005c6                memset
 *(.text.*)
 .text.led_set  0x00000000000005d6       0x16 build/src/Main.o
 .text.DebugInit
                0x00000000000005ec       0x58 build/src/Main.o
                0x00000000000005ec                DebugInit
 .text.startup.main
                0x0000000000000644      0x106 build/src/Main.o
                0x0000000000000644                main
 .text.PFIC_DisableIRQ
                0x000000000000074a       0x1a build/src/CH56x_usb30.o
 .text.USB30D_init.part.0
                0x0000000000000764       0xca build/src/CH56x_usb30.o
 .text.USB30D_init
                0x000000000000082e       0x28 build/src/CH56x_usb30.o
                0x000000000000082e                USB30D_init
 .text.USB30_NonStandardReq
                0x0000000000000856      0x126 build/src/CH56x_usb30.o
                0x0000000000000856                USB30_NonStandardReq
 .text.USB30_StandardReq
                0x000000000000097c      0x378 build/src/CH56x_usb30.o
                0x000000000000097c                USB30_StandardReq
 .text.EP0_IN_Callback
                0x0000000000000cf4       0x6a build/src/CH56x_usb30.o
                0x0000000000000cf4                EP0_IN_Callback
 .text.EP0_OUT_Callback
                0x0000000000000d5e       0x82 build/src/CH56x_usb30.o
                0x0000000000000d5e                EP0_OUT_Callback
 .text.USB30_Setup_Status
                0x0000000000000de0       0x14 build/src/CH56x_usb30.o
                0x0000000000000de0                USB30_Setup_Status
 .text.USBSS_IRQHandler
                0x0000000000000df4       0x4c build/src/CH56x_usb30.o
                0x0000000000000df4                USBSS_IRQHandler
 .text.TMR0_IRQHandler
                0x0000000000000e40       0xd8 build/src/CH56x_usb30.o
                0x0000000000000e40                TMR0_IRQHandler
 .text.LINK_IRQHandler
                0x0000000000000f18      0x306 build/src/CH56x_usb30.o
                0x0000000000000f18                LINK_IRQHandler
 .text.EP1_IN_Callback
                0x000000000000121e        0x2 build/src/CH56x_usb30.o
                0x000000000000121e                EP1_IN_Callback
 .text.EP2_IN_Callback
                0x0000000000001220       0x20 build/src/CH56x_usb30.o
                0x0000000000001220                EP2_IN_Callback
 .text.EP3_IN_Callback
                0x0000000000001240        0x2 build/src/CH56x_usb30.o
                0x0000000000001240                EP3_IN_Callback
 .text.EP4_IN_Callback
                0x0000000000001242       0x22 build/src/CH56x_usb30.o
                0x0000000000001242                EP4_IN_Callback
 .text.EP5_IN_Callback
                0x0000000000001264        0x2 build/src/CH56x_usb30.o
                0x0000000000001264                EP5_IN_Callback
 .text.EP6_IN_Callback
                0x0000000000001266       0x22 build/src/CH56x_usb30.o
                0x0000000000001266                EP6_IN_Callback
 .text.EP7_IN_Callback
                0x0000000000001288        0x2 build/src/CH56x_usb30.o
                0x0000000000001288                EP7_IN_Callback
 .text.EP1_OUT_Callback
                0x000000000000128a        0x2 build/src/CH56x_usb30.o
                0x000000000000128a                EP1_OUT_Callback
 .text.EP2_OUT_Callback
                0x000000000000128c        0x2 build/src/CH56x_usb30.o
                0x000000000000128c                EP2_OUT_Callback
 .text.EP3_OUT_Callback
                0x000000000000128e       0x62 build/src/CH56x_usb30.o
                0x000000000000128e                EP3_OUT_Callback
 .text.EP4_OUT_Callback
                0x00000000000012f0       0x36 build/src/CH56x_usb30.o
                0x00000000000012f0                EP4_OUT_Callback
 .text.EP5_OUT_Callback
                0x0000000000001326        0x2 build/src/CH56x_usb30.o
                0x0000000000001326                EP5_OUT_Callback
 .text.EP6_OUT_Callback
                0x0000000000001328       0x42 build/src/CH56x_usb30.o
                0x0000000000001328                EP6_OUT_Callback
 .text.EP7_OUT_Callback
                0x000000000000136a        0x2 build/src/CH56x_usb30.o
                0x000000000000136a                EP7_OUT_Callback
 .text.USB30_ITP_Callback
                0x000000000000136c        0x2 build/src/CH56x_usb30.o
                0x000000000000136c                USB30_ITP_Callback
 .text.USB20_Endp_Init
                0x000000000000136e       0x6a build/src/CH56x_usb20.o
                0x000000000000136e                USB20_Endp_Init
 .text.USB20_Device_Init
                0x00000000000013d8       0x24 build/src/CH56x_usb20.o
                0x00000000000013d8                USB20_Device_Init
 .text.U20_NonStandard_Request_Deal
                0x00000000000013fc       0x42 build/src/CH56x_usb20.o
                0x00000000000013fc                U20_NonStandard_Request_Deal
 .text.U20_Standard_Request_Deal
                0x000000000000143e      0x312 build/src/CH56x_usb20.o
                0x000000000000143e                U20_Standard_Request_Deal
 .text.U20_Endp0_IN_Callback
                0x0000000000001750       0x7c build/src/CH56x_usb20.o
                0x0000000000001750                U20_Endp0_IN_Callback
 .text.USBHS_IRQHandler
                0x00000000000017cc      0x27a build/src/CH56x_usb20.o
                0x00000000000017cc                USBHS_IRQHandler
 .text.UDISK_CMD_Deal_Fail
                0x0000000000001a46       0x86 build/src/SW_UDISK.o
                0x0000000000001a46                UDISK_CMD_Deal_Fail
 .text.CMD_RD_WR_Deal_Pre
                0x0000000000001acc       0x70 build/src/SW_UDISK.o
                0x0000000000001acc                CMD_RD_WR_Deal_Pre
 .text.UDISK_SCSI_CMD_Deal
                0x0000000000001b3c      0x3d2 build/src/SW_UDISK.o
                0x0000000000001b3c                UDISK_SCSI_CMD_Deal
 .text.UDISK_Bulk_UpData
                0x0000000000001f0e       0xb4 build/src/SW_UDISK.o
                0x0000000000001f0e                UDISK_Bulk_UpData
 .text.UDISK_Up_CSW
                0x0000000000001fc2       0xb4 build/src/SW_UDISK.o
                0x0000000000001fc2                UDISK_Up_CSW
 .text.UDISK_In_EP_Deal
                0x0000000000002076       0x2a build/src/SW_UDISK.o
                0x0000000000002076                UDISK_In_EP_Deal
 .text.UDISK_Out_EP_Deal
                0x00000000000020a0       0x8a build/src/SW_UDISK.o
                0x00000000000020a0                UDISK_Out_EP_Deal
 .text.UDISK_Up_OnePack
                0x000000000000212a      0x154 build/src/SW_UDISK.o
                0x000000000000212a                UDISK_Up_OnePack
 .text.UDISK_Down_OnePack
                0x000000000000227e       0xd0 build/src/SW_UDISK.o
                0x000000000000227e                UDISK_Down_OnePack
 .text.UDISK_onePack_Deal
                0x000000000000234e       0x6c build/src/SW_UDISK.o
                0x000000000000234e                UDISK_onePack_Deal
 .text.EMMC_IRQHandler
                0x00000000000023ba       0x2c build/src/SW_UDISK.o
                0x00000000000023ba                EMMC_IRQHandler
 .text.SD_WaitTranDone
                0x00000000000023e6       0x28 build/src/SD.o
 .text.SD_WaitCmd
                0x000000000000240e       0x2c build/src/SD.o
 .text.SDReadOCR
                0x000000000000243a       0xb8 build/src/SD.o
                0x000000000000243a                SDReadOCR
 .text.SDSetRCA
                0x00000000000024f2       0x36 build/src/SD.o
                0x00000000000024f2                SDSetRCA
 .text.SDReadCSD
                0x0000000000002528       0x8e build/src/SD.o
                0x0000000000002528                SDReadCSD
 .text.SDSetBusWidth
                0x00000000000025b6       0x5a build/src/SD.o
                0x00000000000025b6                SDSetBusWidth
 .text.SD_ReadSCR
                0x0000000000002610       0x8c build/src/SD.o
                0x0000000000002610                SD_ReadSCR
 .text.SDCardReadOneSec
                0x000000000000269c       0x74 build/src/SD.o
                0x000000000000269c                SDCardReadOneSec
 .text.SDCardWriteONESec
                0x0000000000002710       0xcc build/src/SD.o
                0x0000000000002710                SDCardWriteONESec
 .text.sd_storage_mount
                0x00000000000027dc      0x2b0 build/src/sd_storage.o
                0x00000000000027dc                sd_storage_mount
 .text.sd_storage_unmount
                0x0000000000002a8c       0x26 build/src/sd_storage.o
                0x0000000000002a8c                sd_storage_unmount
 .text.CDC_Uart_Init
                0x0000000000002ab2       0x8a build/src/cdc_uart.o
                0x0000000000002ab2                CDC_Uart_Init
 .text.TMR2_TimerInit1
                0x0000000000002b3c       0x34 build/src/cdc_uart.o
                0x0000000000002b3c                TMR2_TimerInit1
 .text.TMR2_IRQHandler
                0x0000000000002b70       0x30 build/src/cdc_uart.o
                0x0000000000002b70                TMR2_IRQHandler
 .text.CDC_Uart_Deal
                0x0000000000002ba0      0x192 build/src/cdc_uart.o
                0x0000000000002ba0                CDC_Uart_Deal
 .text.CDC_Variable_Clear
                0x0000000000002d32       0x26 build/src/cdc_uart.o
                0x0000000000002d32                CDC_Variable_Clear
 .text.UART2_IRQHandler
                0x0000000000002d58      0x124 build/src/cdc_uart.o
                0x0000000000002d58                UART2_IRQHandler
 .text.debug_mirror
                0x0000000000002e7c       0x4e build/src/debug_cdc.o
                0x0000000000002e7c                debug_mirror
 .text.debug_cdc_clear
                0x0000000000002eca        0xe build/src/debug_cdc.o
                0x0000000000002eca                debug_cdc_clear
 .text.debug_cdc_poll
                0x0000000000002ed8       0x9c build/src/debug_cdc.o
                0x0000000000002ed8                debug_cdc_poll
 .text.ownership_release
                0x0000000000002f74       0x38 build/src/ownership.o
 .text.ownership_claim
                0x0000000000002fac       0xc8 build/src/ownership.o
 .text.ownership_init
                0x0000000000003074       0x26 build/src/ownership.o
                0x0000000000003074                ownership_init
 .text.ownership_request
                0x000000000000309a        0x6 build/src/ownership.o
                0x000000000000309a                ownership_request
 .text.ownership_poll
                0x00000000000030a0       0x40 build/src/ownership.o
                0x00000000000030a0                ownership_poll
 .text.SystemInit
                0x00000000000030e0       0xfe build/sdk/Peripheral/src/CH56x_clk.o
                0x00000000000030e0                SystemInit
 .text.CheckCMDComp
                0x00000000000031de       0x26 build/sdk/Peripheral/src/CH56x_emmc.o
                0x00000000000031de                CheckCMDComp
 .text.EMMCResetIdle
                0x0000000000003204       0x24 build/sdk/Peripheral/src/CH56x_emmc.o
                0x0000000000003204                EMMCResetIdle
 .text.EMMCReadCID
                0x0000000000003228       0x4e build/sdk/Peripheral/src/CH56x_emmc.o
                0x0000000000003228                EMMCReadCID
 .text.SelectEMMCCard
                0x0000000000003276       0x2e build/sdk/Peripheral/src/CH56x_emmc.o
                0x0000000000003276                SelectEMMCCard
 .text.GPIOA_ModeCfg
                0x00000000000032a4      0x180 build/sdk/Peripheral/src/CH56x_gpio.o
                0x00000000000032a4                GPIOA_ModeCfg
 .text.GPIOB_ModeCfg
                0x0000000000003424      0x180 build/sdk/Peripheral/src/CH56x_gpio.o
                0x0000000000003424                GPIOB_ModeCfg
 .text.Delay_Init
                0x00000000000035a4       0x22 build/sdk/Peripheral/src/CH56x_sys.o
                0x00000000000035a4                Delay_Init
 .text.mDelayuS
                0x00000000000035c6       0x2a build/sdk/Peripheral/src/CH56x_sys.o
                0x00000000000035c6                mDelayuS
 .text.mDelaymS
                0x00000000000035f0       0x2a build/sdk/Peripheral/src/CH56x_sys.o
                0x00000000000035f0                mDelaymS
 .text._write   0x000000000000361a       0x4c build/sdk/Peripheral/src/CH56x_sys.o
                0x000000000000361a                _write
 .text.TMR0_TimerInit
                0x0000000000003666       0x14 build/sdk/Peripheral/src/CH56x_timer.o
                0x0000000000003666                TMR0_TimerInit
 .text.UART2_ByteTrigCfg
                0x000000000000367a       0x16 build/sdk/Peripheral/src/CH56x_uart.o
                0x000000000000367a                UART2_ByteTrigCfg
 .text.UART2_INTCfg
                0x0000000000003690       0x32 build/sdk/Peripheral/src/CH56x_uart.o
                0x0000000000003690                UART2_INTCfg
 .text.UART2_SendString
                0x00000000000036c2       0x34 build/sdk/Peripheral/src/CH56x_uart.o
                0x00000000000036c2                UART2_SendString
 .text.UART2_RecvString
                0x00000000000036f6       0x30 build/sdk/Peripheral/src/CH56x_uart.o
                0x00000000000036f6                UART2_RecvString
 .text.vector_handler
                0x0000000000003726        0x2 build/sdk/Startup/startup_CH56x.o
                0x0000000000003726                GPIO_IRQHandler
                0x0000000000003726                HardFault_Handler
                0x0000000000003726                SysTick_Handler
                0x0000000000003726                NMI_Handler
                0x0000000000003726                UART1_IRQHandler
                0x0000000000003726                UART0_IRQHandler
                0x0000000000003726                PMT_IRQHandler
                0x0000000000003726                SPI1_IRQHandler
                0x0000000000003726                ECDC_IRQHandler
                0x0000000000003726                DVP_IRQHandler
                0x0000000000003726                ETH_IRQHandler
                0x0000000000003726                SW_Handler
                0x0000000000003726                SPI0_IRQHandler
                0x0000000000003726                WDOG_IRQHandler
                0x0000000000003726                HSPI_IRQHandler
                0x0000000000003726                UART3_IRQHandler
                0x0000000000003726                TMR1_IRQHandler
                0x0000000000003726                SERDES_IRQHandler
 .text.handle_reset
                0x0000000000003728       0x98 build/sdk/Startup/startup_CH56x.o
                0x0000000000003728                handle_reset
 .text.printf   0x00000000000037c0       0x3a /opt/xpack/bin/../lib/gcc/riscv-none-elf/12.2.0/../../../../riscv-none-elf/lib/libc_nano.a(lib_a-printf.o)
                0x00000000000037c0                printf
                0x00000000000037c0                iprintf
 .text._puts_r  0x00000000000037fa      0x10e /opt/xpack/bin/../lib/gcc/riscv-none-elf/12.2.0/../../../../riscv-none-elf/lib/libc_nano.a(lib_a-puts.o)
                0x00000000000037fa                _puts_r
 .text.puts     0x0000000000003908        0xa /opt/xpack/bin/../lib/gcc/riscv-none-elf/12.2.0/../../../../riscv-none-elf/lib/libc_nano.a(lib_a-puts.o)
                0x0000000000003908                puts
 .text.__swbuf_r
                0x0000000000003912       0xc0 /opt/xpack/bin/../lib/gcc/riscv-none-elf/12.2.0/../../../../riscv-none-elf/lib/libc_nano.a(lib_a-wbuf.o)
                0x0000000000003912                __swbuf_r
 .text.__swsetup_r
                0x00000000000039d2       0xfa /opt/xpack/bin/../lib/gcc/riscv-none-elf/12.2.0/../../../../riscv-none-elf/lib/libc_nano.a(lib_a-wsetup.o)
                0x00000000000039d2                __swsetup_r
 .text.__sflush_r
                0x0000000000003acc      0x138 /opt/xpack/bin/../lib/gcc/riscv-none-elf/12.2.0/../../../../riscv-none-elf/lib/libc_nano.a(lib_a-fflush.o)
                0x0000000000003acc                __sflush_r
 .text._fflush_r
                0x0000000000003c04       0x8a /opt/xpack/bin/../lib/gcc/riscv-none-elf/12.2.0/../../../../riscv-none-elf/lib/libc_nano.a(lib_a-fflush.o)
                0x0000000000003c04                _fflush_r
 .text.std      0x0000000000003c8e       0x6a /opt/xpack/bin/../lib/gcc/riscv-none-elf/12.2.0/../../../../riscv-none-elf/lib/libc_nano.a(lib_a-findfp.o)
 .text._cleanup_r
                0x0000000000003cf8        0xa /opt/xpack/bin/../lib/gcc/riscv-none-elf/12.2.0/../../../../riscv-none-elf/lib/libc_nano.a(lib_a-findfp.o)
                0x0000000000003cf8                _cleanup_r
 .text.__sfmoreglue
                0x0000000000003d02       0x46 /opt/xpack/bin/../lib/gcc/riscv-none-elf/12.2.0/../../../../riscv-none-elf/lib/libc_nano.a(lib_a-findfp.o)
                0x0000000000003d02                __sfmoreglue
 .text.__sfp_lock_acquire
                0x0000000000003d48        0x6 /opt/xpack/bin/../lib/gcc/riscv-none-elf/12.2.0/../../../../riscv-none-elf/lib/libc_nano.a(lib_a-findfp.o)
                0x0000000000003d48                __sfp_lock_acquire
 .text.__sfp_lock_release
                0x0000000000003d4e        0x6 /opt/xpack/bin/../lib/gcc/riscv-none-elf/12.2.0/../../../../riscv-none-elf/lib/libc_nano.a(lib_a-findfp.o)
                0x0000000000003d4e                __sfp_lock_release
 .text.__sinit_lock_acquire
                0x0000000000003d54        0x6 /opt/xpack/bin/../lib/gcc/riscv-none-elf/12.2.0/../../../../riscv-none-elf/lib/libc_nano.a(lib_a-findfp.o)
                0x0000000000003d54                __sinit_lock_acquire
 .text.__sinit_lock_release
                0x0000000000003d5a        0x6 /opt/xpack/bin/../lib/gcc/riscv-none-elf/12.2.0/../../../../riscv-none-elf/lib/libc_nano.a(lib_a-findfp.o)
                0x0000000000003d5a                __sinit_lock_release
 .text.__sinit  0x0000000000003d60       0x72 /opt/xpack/bin/../lib/gcc/riscv-none-elf/12.2.0/../../../../riscv-none-elf/lib/libc_nano.a(lib_a-findfp.o)
                0x0000000000003d60                __sinit
 .text.__sfp    0x0000000000003dd2       0xb0 /opt/xpack/bin/../lib/gcc/riscv-none-elf/12.2.0/../../../../riscv-none-elf/lib/libc_nano.a(lib_a-findfp.o)
                0x0000000000003dd2                __sfp
 .text._fwalk_reent
                0x0000000000003e82       0x6a /opt/xpack/bin/../lib/gcc/riscv-none-elf/12.2.0/../../../../riscv-none-elf/lib/libc_nano.a(lib_a-fwalk.o)
                0x0000000000003e82                _fwalk_reent
 .text.__retarget_lock_init_recursive
                0x0000000000003eec        0x2 /opt/xpack/bin/../lib/gcc/riscv-none-elf/12.2.0/../../../../riscv-none-elf/lib/libc_nano.a(lib_a-lock.o)
                0x0000000000003eec                __retarget_lock_init_recursive
 .text.__retarget_lock_acquire_recursive
                0x0000000000003eee        0x2 /opt/xpack/bin/../lib/gcc/riscv-none-elf/12.2.0/../../../../riscv-none-elf/lib/libc_nano.a(lib_a-lock.o)
                0x0000000000003eee                __retarget_lock_acquire_recursive
 .text.__retarget_lock_release_recursive
                0x0000000000003ef0        0x2 /opt/xpack/bin/../lib/gcc/riscv-none-elf/12.2.0/../../../../riscv-none-elf/lib/libc_nano.a(lib_a-lock.o)
                0x0000000000003ef0                __retarget_lock_release_recursive
 .text.__swhatbuf_r
                0x0000000000003ef2       0x5c /opt/xpack/bin/../lib/gcc/riscv-none-elf/12.2.0/../../../../riscv-none-elf/lib/libc_nano.a(lib_a-makebuf.o)
                0x0000000000003ef2                __swhatbuf_r
 .text.__smakebuf_r
                0x0000000000003f4e       0xa6 /opt/xpack/bin/../lib/gcc/riscv-none-elf/12.2.0/../../../../riscv-none-elf/lib/libc_nano.a(lib_a-makebuf.o)
                0x0000000000003f4e                __smakebuf_r
 .text._free_r  0x0000000000003ff4       0xa2 /opt/xpack/bin/../lib/gcc/riscv-none-elf/12.2.0/../../../../riscv-none-elf/lib/libc_nano.a(lib_a-nano-freer.o)
                0x0000000000003ff4                _free_r
 .text.sbrk_aligned
                0x0000000000004096       0x5a /opt/xpack/bin/../lib/gcc/riscv-none-elf/12.2.0/../../../../riscv-none-elf/lib/libc_nano.a(lib_a-nano-mallocr.o)
 .text._malloc_r
                0x00000000000040f0      0x112 /opt/xpack/bin/../lib/gcc/riscv-none-elf/12.2.0/../../../../riscv-none-elf/lib/libc_nano.a(lib_a-nano-mallocr.o)
                0x00000000000040f0                _malloc_r
 .text.__sfputc_r
                0x0000000000004202       0x2a /opt/xpack/bin/../lib/gcc/riscv-none-elf/12.2.0/../../../../riscv-none-elf/lib/libc_nano.a(lib_a-nano-vfprintf.o)
 .text.__sfputs_r
                0x000000000000422c       0x44 /opt/xpack/bin/../lib/gcc/riscv-none-elf/12.2.0/../../../../riscv-none-elf/lib/libc_nano.a(lib_a-nano-vfprintf.o)
                0x000000000000422c                __sfputs_r
 .text._vfprintf_r
                0x0000000000004270      0x2da /opt/xpack/bin/../lib/gcc/riscv-none-elf/12.2.0/../../../../riscv-none-elf/lib/libc_nano.a(lib_a-nano-vfprintf.o)
                0x0000000000004270                _vfiprintf_r
                0x0000000000004270                _vfprintf_r
 .text._printf_common
                0x000000000000454a      0x110 /opt/xpack/bin/../lib/gcc/riscv-none-elf/12.2.0/../../../../riscv-none-elf/lib/libc_nano.a(lib_a-nano-vfprintf_i.o)
                0x000000000000454a                _printf_common
 .text._printf_i
                0x000000000000465a      0x284 /opt/xpack/bin/../lib/gcc/riscv-none-elf/12.2.0/../../../../riscv-none-elf/lib/libc_nano.a(lib_a-nano-vfprintf_i.o)
                0x000000000000465a                _printf_i
 .text._sbrk_r  0x00000000000048de       0x26 /opt/xpack/bin/../lib/gcc/riscv-none-elf/12.2.0/../../../../riscv-none-elf/lib/libc_nano.a(lib_a-sbrkr.o)
                0x00000000000048de                _sbrk_r
 .text.__sread  0x0000000000004904       0x30 /opt/xpack/bin/../lib/gcc/riscv-none-elf/12.2.0/../../../../riscv-none-elf/lib/libc_nano.a(lib_a-stdio.o)
                0x0000000000004904                __sread
 .text.__swrite
                0x0000000000004934       0x4e /opt/xpack/bin/../lib/gcc/riscv-none-elf/12.2.0/../../../../riscv-none-elf/lib/libc_nano.a(lib_a-stdio.o)
                0x0000000000004934                __swrite
 .text.__sseek  0x0000000000004982       0x36 /opt/xpack/bin/../lib/gcc/riscv-none-elf/12.2.0/../../../../riscv-none-elf/lib/libc_nano.a(lib_a-stdio.o)
                0x0000000000004982                __sseek
 .text.__sclose
                0x00000000000049b8        0x6 /opt/xpack/bin/../lib/gcc/riscv-none-elf/12.2.0/../../../../riscv-none-elf/lib/libc_nano.a(lib_a-stdio.o)
                0x00000000000049b8                __sclose
 .text._write_r
                0x00000000000049be       0x2c /opt/xpack/bin/../lib/gcc/riscv-none-elf/12.2.0/../../../../riscv-none-elf/lib/libc_nano.a(lib_a-writer.o)
                0x00000000000049be                _write_r
 .text._close_r
                0x00000000000049ea       0x26 /opt/xpack/bin/../lib/gcc/riscv-none-elf/12.2.0/../../../../riscv-none-elf/lib/libc_nano.a(lib_a-closer.o)
                0x00000000000049ea                _close_r
 .text._fstat_r
                0x0000000000004a10       0x28 /opt/xpack/bin/../lib/gcc/riscv-none-elf/12.2.0/../../../../riscv-none-elf/lib/libc_nano.a(lib_a-fstatr.o)
                0x0000000000004a10                _fstat_r
 .text._isatty_r
                0x0000000000004a38       0x26 /opt/xpack/bin/../lib/gcc/riscv-none-elf/12.2.0/../../../../riscv-none-elf/lib/libc_nano.a(lib_a-isattyr.o)
                0x0000000000004a38                _isatty_r
 .text._lseek_r
                0x0000000000004a5e       0x2a /opt/xpack/bin/../lib/gcc/riscv-none-elf/12.2.0/../../../../riscv-none-elf/lib/libc_nano.a(lib_a-lseekr.o)
                0x0000000000004a5e                _lseek_r
 .text.memchr   0x0000000000004a88       0x1a /opt/xpack/bin/../lib/gcc/riscv-none-elf/12.2.0/../../../../riscv-none-elf/lib/libc_nano.a(lib_a-memchr.o)
                0x0000000000004a88                memchr
 .text.__malloc_lock
                0x0000000000004aa2        0x8 /opt/xpack/bin/../lib/gcc/riscv-none-elf/12.2.0/../../../../riscv-none-elf/lib/libc_nano.a(lib_a-mlock.o)
                0x0000000000004aa2                __malloc_lock
 .text.__malloc_unlock
                0x0000000000004aaa        0x8 /opt/xpack/bin/../lib/gcc/riscv-none-elf/12.2.0/../../../../riscv-none-elf/lib/libc_nano.a(lib_a-mlock.o)
                0x0000000000004aaa                __malloc_unlock
 .text._read_r  0x0000000000004ab2       0x2a /opt/xpack/bin/../lib/gcc/riscv-none-elf/12.2.0/../../../../riscv-none-elf/lib/libc_nano.a(lib_a-readr.o)
                0x0000000000004ab2                _read_r
 .text._close   0x0000000000004adc        0xc /opt/xpack/bin/../lib/gcc/riscv-none-elf/12.2.0/../../../../riscv-none-elf/lib/libnosys.a(close.o)
                0x0000000000004adc                _close
 .text._fstat   0x0000000000004ae8        0xc /opt/xpack/bin/../lib/gcc/riscv-none-elf/12.2.0/../../../../riscv-none-elf/lib/libnosys.a(fstat.o)
                0x0000000000004ae8                _fstat
 .text._isatty  0x0000000000004af4        0xc /opt/xpack/bin/../lib/gcc/riscv-none-elf/12.2.0/../../../../riscv-none-elf/lib/libnosys.a(isatty.o)
                0x0000000000004af4                _isatty
 .text._lseek   0x0000000000004b00        0xc /opt/xpack/bin/../lib/gcc/riscv-none-elf/12.2.0/../../../../riscv-none-elf/lib/libnosys.a(lseek.o)
                0x0000000000004b00                _lseek
 .text._read    0x0000000000004b0c        0xc /opt/xpack/bin/../lib/gcc/riscv-none-elf/12.2.0/../../../../riscv-none-elf/lib/libnosys.a(read.o)
                0x0000000000004b0c                _read
 .text._sbrk    0x0000000000004b18       0x20 /opt/xpack/bin/../lib/gcc/riscv-none-elf/12.2.0/../../../../riscv-none-elf/lib/libnosys.a(sbrk.o)
                0x0000000000004b18                _sbrk
 *(.rodata)
 *(.rodata*)
 .rodata.main.str1.4
                0x0000000000004b38       0x36 build/src/Main.o
 *fill*         0x0000000000004b6e        0x2 
 .rodata.USB30_StandardReq
                0x0000000000004b70       0x48 build/src/CH56x_usb30.o
 .rodata.EP0_OUT_Callback.str1.4
                0x0000000000004bb8       0x1b build/src/CH56x_usb30.o
 *fill*         0x0000000000004bd3        0x1 
 .rodata.TMR0_IRQHandler.str1.4
                0x0000000000004bd4       0x2b build/src/CH56x_usb30.o
 *fill*         0x0000000000004bff        0x1 
 .rodata.BOSDescriptor
                0x0000000000004c00       0x16 build/src/CH56x_usb30.o
                0x0000000000004c00                BOSDescriptor
 *fill*         0x0000000000004c16        0x2 
 .rodata.OSStringDescriptor
                0x0000000000004c18       0x12 build/src/CH56x_usb30.o
                0x0000000000004c18                OSStringDescriptor
 *fill*         0x0000000000004c2a        0x2 
 .rodata.StringProduct
                0x0000000000004c2c       0x2a build/src/CH56x_usb30.o
                0x0000000000004c2c                StringProduct
 *fill*         0x0000000000004c56        0x2 
 .rodata.SS_ConfigDescriptor
                0x0000000000004c58       0xd4 build/src/CH56x_usb30.o
                0x0000000000004c58                SS_ConfigDescriptor
 .rodata.SS_DeviceDescriptor
                0x0000000000004d2c       0x12 build/src/CH56x_usb30.o
                0x0000000000004d2c                SS_DeviceDescriptor
 *fill*         0x0000000000004d3e        0x2 
 .rodata.U20_Standard_Request_Deal
                0x0000000000004d40       0x30 build/src/CH56x_usb20.o
 .rodata.hs_bos_descriptor
                0x0000000000004d70       0x16 build/src/CH56x_usb20.o
                0x0000000000004d70                hs_bos_descriptor
 *fill*         0x0000000000004d86        0x2 
 .rodata.hs_string_descriptor2
                0x0000000000004d88       0x26 build/src/CH56x_usb20.o
                0x0000000000004d88                hs_string_descriptor2
 *fill*         0x0000000000004dae        0x2 
 .rodata.hs_config_descriptor
                0x0000000000004db0       0x20 build/src/CH56x_usb20.o
                0x0000000000004db0                hs_config_descriptor
 .rodata.hs_device_descriptor
                0x0000000000004dd0       0x12 build/src/CH56x_usb20.o
                0x0000000000004dd0                hs_device_descriptor
 *fill*         0x0000000000004de2        0x2 
 .rodata.UDISK_SCSI_CMD_Deal
                0x0000000000004de4       0x78 build/src/SW_UDISK.o
 .rodata.UDISK_Mode_Senese_5A
                0x0000000000004e5c       0x10 build/src/SW_UDISK.o
                0x0000000000004e5c                UDISK_Mode_Senese_5A
 .rodata.UDISK_Mode_Sense_1A
                0x0000000000004e6c        0xc build/src/SW_UDISK.o
                0x0000000000004e6c                UDISK_Mode_Sense_1A
 .rodata.UDISK_Rd_Format_Capacity
                0x0000000000004e78        0xc build/src/SW_UDISK.o
                0x0000000000004e78                UDISK_Rd_Format_Capacity
 .rodata.SDReadOCR.str1.4
                0x0000000000004e84       0x15 build/src/SD.o
 *fill*         0x0000000000004e99        0x3 
 .rodata.sd_storage_mount.str1.4
                0x0000000000004e9c       0xd4 build/src/sd_storage.o
 .rodata.UART2_IRQHandler.str1.4
                0x0000000000004f70       0x15 build/src/cdc_uart.o
 *fill*         0x0000000000004f85        0x3 
 .rodata.ownership_release.str1.4
                0x0000000000004f88       0x22 build/src/ownership.o
 *fill*         0x0000000000004faa        0x2 
 .rodata.ownership_claim.str1.4
                0x0000000000004fac       0x93 build/src/ownership.o
 *fill*         0x000000000000503f        0x1 
 .rodata.GPIOA_ModeCfg
                0x0000000000005040       0x2c build/sdk/Peripheral/src/CH56x_gpio.o
 .rodata.GPIOB_ModeCfg
                0x000000000000506c       0x2c build/sdk/Peripheral/src/CH56x_gpio.o
 .rodata.__sf_fake_stderr
                0x0000000000005098       0x20 /opt/xpack/bin/../lib/gcc/riscv-none-elf/12.2.0/../../../../riscv-none-elf/lib/libc_nano.a(lib_a-findfp.o)
                0x0000000000005098                __sf_fake_stderr
 .rodata.__sf_fake_stdout
                0x00000000000050b8       0x20 /opt/xpack/bin/../lib/gcc/riscv-none-elf/12.2.0/../../../../riscv-none-elf/lib/libc_nano.a(lib_a-findfp.o)
                0x00000000000050b8                __sf_fake_stdout
 .rodata.__sf_fake_stdin
                0x00000000000050d8       0x20 /opt/xpack/bin/../lib/gcc/riscv-none-elf/12.2.0/../../../../riscv-none-elf/lib/libc_nano.a(lib_a-findfp.o)
                0x00000000000050d8                __sf_fake_stdin
 .rodata._vfprintf_r.str1.4
                0x00000000000050f8       0x13 /opt/xpack/bin/../lib/gcc/riscv-none-elf/12.2.0/../../../../riscv-none-elf/lib/libc_nano.a(lib_a-nano-vfprintf.o)
 *fill*         0x000000000000510b        0x1 
 .rodata._printf_i.str1.4
                0x000000000000510c       0x25 /opt/xpack/bin/../lib/gcc/riscv-none-elf/12.2.0/../../../../riscv-none-elf/lib/libc_nano.a(lib_a-nano-vfprintf_i.o)
 *fill*         0x0000000000005131        0x3 
 .rodata._printf_i
                0x0000000000005134       0x58 /opt/xpack/bin/../lib/gcc/riscv-none-elf/12.2.0/../../../../riscv-none-elf/lib/libc_nano.a(lib_a-nano-vfprintf_i.o)
 *(.glue_7)
 *(.glue_7t)
 *(.gnu.linkonce.t.*)
                0x000000000000518c                . = ALIGN (0x4)

.rela.dyn       0x000000000000518c        0x0
 .rela.init     0x000000000000518c        0x0 build/src/Main.o
 .rela.vector   0x000000000000518c        0x0 build/src/Main.o
 .rela.text.handle_reset
                0x000000000000518c        0x0 build/src/Main.o
 .rela.text._vfprintf_r
                0x000000000000518c        0x0 build/src/Main.o
 .rela.text._sbrk
                0x000000000000518c        0x0 build/src/Main.o

.fini           0x000000000000518c        0x0
 *(SORT_NONE(.fini))
                0x000000000000518c                . = ALIGN (0x4)
                [!provide]                        PROVIDE (_etext = .)
                [!provide]                        PROVIDE (_eitcm = .)

.preinit_array  0x000000000000518c        0x0
                [!provide]                        PROVIDE (__preinit_array_start = .)
 *(.preinit_array)
                [!provide]                        PROVIDE (__preinit_array_end = .)

.init_array     0x000000000000518c        0x0
                [!provide]                        PROVIDE (__init_array_start = .)
 *(SORT_BY_INIT_PRIORITY(.init_array.*) SORT_BY_INIT_PRIORITY(.ctors.*))
 *(.init_array EXCLUDE_FILE(*crtend?.o *crtend.o *crtbegin?.o *crtbegin.o) .ctors)
                [!provide]                        PROVIDE (__init_array_end = .)

.fini_array     0x000000000000518c        0x0
                [!provide]                        PROVIDE (__fini_array_start = .)
 *(SORT_BY_INIT_PRIORITY(.fini_array.*) SORT_BY_INIT_PRIORITY(.dtors.*))
 *(.fini_array EXCLUDE_FILE(*crtend?.o *crtend.o *crtbegin?.o *crtbegin.o) .dtors)
                [!provide]                        PROVIDE (__fini_array_end = .)

.ctors
 *crtbegin.o(.ctors)
 *crtbegin?.o(.ctors)
 *(EXCLUDE_FILE(*crtend?.o *crtend.o) .ctors)
 *(SORT_BY_NAME(.ctors.*))
 *(.ctors)

.dtors
 *crtbegin.o(.dtors)
 *crtbegin?.o(.dtors)
 *(EXCLUDE_FILE(*crtend?.o *crtend.o) .dtors)
 *(SORT_BY_NAME(.dtors.*))
 *(.dtors)

.dalign         0x0000000020000000        0x0 load address 0x000000000000518c
                0x0000000020000000                . = ALIGN (0x4)
                0x0000000020000000                PROVIDE (_data_vma = .)

.dlalign        0x000000000000518c        0x0
                0x000000000000518c                . = ALIGN (0x4)
                0x000000000000518c                PROVIDE (_data_lma = .)

.data           0x0000000020000000      0x10c load address 0x000000000000518c
 *(.gnu.linkonce.r.*)
 *(.data .data.*)
 .data.StringSerial
                0x0000000020000000       0x16 build/src/CH56x_usb30.o
                0x0000000020000000                StringSerial
 *fill*         0x0000000020000016        0x2 
 .data.UDISK_Inquity_Tab
                0x0000000020000018       0x24 build/src/SW_UDISK.o
                0x0000000020000018                UDISK_Inquity_Tab
 .data          0x000000002000003c       0x38 sdk/USB30Lib/libCH56x_USB30_device_lib.a(usb30_int.o)
                0x000000002000003c                pEpInt_IN
                0x0000000020000058                pEpInt_OUT
 .data.impure_data
                0x0000000020000074       0x60 /opt/xpack/bin/../lib/gcc/riscv-none-elf/12.2.0/../../../../riscv-none-elf/lib/libc_nano.a(lib_a-impure.o)
 *(.gnu.linkonce.d.*)
                0x00000000200000d8                . = ALIGN (0x8)
 *fill*         0x00000000200000d4        0x4 
                0x00000000200008d8                PROVIDE (__global_pointer$ = (. + 0x800))
 *(.sdata .sdata.*)
 .sdata.U20_EndpnMaxSize
                0x00000000200000d8        0x2 build/src/CH56x_usb20.o
                0x00000000200000d8                U20_EndpnMaxSize
 .sdata.UDISK_Pack_Size
                0x00000000200000da        0x2 build/src/SW_UDISK.o
                0x00000000200000da                UDISK_Pack_Size
 .sdata.cdc_line_coding
                0x00000000200000dc        0x7 build/src/cdc_uart.o
                0x00000000200000dc                cdc_line_coding
 *fill*         0x00000000200000e3        0x1 
 .sdata._impure_ptr
                0x00000000200000e4        0x4 /opt/xpack/bin/../lib/gcc/riscv-none-elf/12.2.0/../../../../riscv-none-elf/lib/libc_nano.a(lib_a-impure.o)
                0x00000000200000e4                _impure_ptr
 *(.sdata2.*)
 *(.gnu.linkonce.s.*)
                0x00000000200000e8                . = ALIGN (0x8)
 *(.srodata.cst16)
 *(.srodata.cst8)
 *(.srodata.cst4)
 *(.srodata.cst2)
 *(.srodata .srodata.*)
 .srodata.StringVendor
                0x00000000200000e8        0x8 build/src/CH56x_usb30.o
                0x00000000200000e8                StringVendor
 .srodata.StringLangID
                0x00000000200000f0        0x4 build/src/CH56x_usb30.o
                0x00000000200000f0                StringLangID
 .srodata.hs_string_descriptor1
                0x00000000200000f4        0x8 build/src/CH56x_usb20.o
                0x00000000200000f4                hs_string_descriptor1
 .srodata.hs_string_descriptor0
                0x00000000200000fc        0x4 build/src/CH56x_usb20.o
                0x00000000200000fc                hs_string_descriptor0
 .srodata.UDISK_Rd_Capacity
                0x0000000020000100        0x8 build/src/SW_UDISK.o
                0x0000000020000100                UDISK_Rd_Capacity
 .srodata._global_impure_ptr
                0x0000000020000108        0x4 /opt/xpack/bin/../lib/gcc/riscv-none-elf/12.2.0/../../../../riscv-none-elf/lib/libc_nano.a(lib_a-impure.o)
                0x0000000020000108                _global_impure_ptr
                0x000000002000010c                . = ALIGN (0x4)
                0x000000002000010c                PROVIDE (_edata = .)

.bss            0x000000002000010c     0x10d4 load address 0x0000000000005298
                0x000000002000010c                . = ALIGN (0x4)
                0x000000002000010c                PROVIDE (_sbss = .)
 *(.sbss*)
 .sbss.pDescr   0x000000002000010c        0x4 build/src/CH56x_usb30.o
 .sbss.SetupReqIface
                0x0000000020000110        0x1 build/src/CH56x_usb30.o
 .sbss.SetupReqCode
                0x0000000020000111        0x1 build/src/CH56x_usb30.o
 *fill*         0x0000000020000112        0x2 
 .sbss.SetupLen
                0x0000000020000114        0x4 build/src/CH56x_usb30.o
 .sbss.Link_Sta
                0x0000000020000118        0x1 build/src/CH56x_usb30.o
                0x0000000020000118                Link_Sta
 .sbss.Tx_Lmp_Port
                0x0000000020000119        0x1 build/src/CH56x_usb30.o
                0x0000000020000119                Tx_Lmp_Port
 *fill*         0x000000002000011a        0x2 
 .sbss.pDescr   0x000000002000011c        0x4 build/src/CH56x_usb20.o
 .sbss.SetupReq
                0x0000000020000120        0x1 build/src/CH56x_usb20.o
 .sbss.SetupReqType
                0x0000000020000121        0x1 build/src/CH56x_usb20.o
 *fill*         0x0000000020000122        0x2 
 .sbss.g_devInfo
                0x0000000020000124        0x5 build/src/CH56x_usb20.o
                0x0000000020000124                g_devInfo
 *fill*         0x0000000020000129        0x1 
 .sbss.SetupLen
                0x000000002000012a        0x2 build/src/CH56x_usb20.o
                0x000000002000012a                SetupLen
 .sbss.SetupReqLen
                0x000000002000012c        0x2 build/src/CH56x_usb20.o
                0x000000002000012c                SetupReqLen
 *fill*         0x000000002000012e        0x2 
 .sbss.pEndp2_Buf
                0x0000000020000130        0x4 build/src/SW_UDISK.o
                0x0000000020000130                pEndp2_Buf
 .sbss.UDISK_InPackflag
                0x0000000020000134        0x1 build/src/SW_UDISK.o
                0x0000000020000134                UDISK_InPackflag
 .sbss.UDISK_OutPackflag
                0x0000000020000135        0x1 build/src/SW_UDISK.o
                0x0000000020000135                UDISK_OutPackflag
 .sbss.UDISK_Sec_Pack_Count
                0x0000000020000136        0x2 build/src/SW_UDISK.o
                0x0000000020000136                UDISK_Sec_Pack_Count
 .sbss.UDISK_Cur_Sec_Lba
                0x0000000020000138        0x4 build/src/SW_UDISK.o
                0x0000000020000138                UDISK_Cur_Sec_Lba
 .sbss.UDISK_Transfer_DataLen
                0x000000002000013c        0x4 build/src/SW_UDISK.o
                0x000000002000013c                UDISK_Transfer_DataLen
 .sbss.Udisk_CSW_Status
                0x0000000020000140        0x1 build/src/SW_UDISK.o
                0x0000000020000140                Udisk_CSW_Status
 .sbss.Udisk_Sense_ASC
                0x0000000020000141        0x1 build/src/SW_UDISK.o
                0x0000000020000141                Udisk_Sense_ASC
 .sbss.Udisk_Sense_Key
                0x0000000020000142        0x1 build/src/SW_UDISK.o
                0x0000000020000142                Udisk_Sense_Key
 *fill*         0x0000000020000143        0x1 
 .sbss.Udisk_CBW_Tag_Save
                0x0000000020000144        0x4 build/src/SW_UDISK.o
                0x0000000020000144                Udisk_CBW_Tag_Save
 .sbss.Udisk_Capability
                0x0000000020000148        0x4 build/src/SW_UDISK.o
                0x0000000020000148                Udisk_Capability
 .sbss.Udisk_Transfer_Status
                0x000000002000014c        0x1 build/src/SW_UDISK.o
                0x000000002000014c                Udisk_Transfer_Status
 .sbss.Udisk_Status
                0x000000002000014d        0x1 build/src/SW_UDISK.o
                0x000000002000014d                Udisk_Status
 .sbss.Udisk_Attention
                0x000000002000014e        0x1 build/src/SW_UDISK.o
                0x000000002000014e                Udisk_Attention
 *fill*         0x000000002000014f        0x1 
 .sbss.UDISK_Out_Pack_Len
                0x0000000020000150        0x2 build/src/SW_UDISK.o
                0x0000000020000150                UDISK_Out_Pack_Len
 .sbss.Uart_Sendlenth
                0x0000000020000152        0x2 build/src/cdc_uart.o
                0x0000000020000152                Uart_Sendlenth
 .sbss.Uart_Timecount
                0x0000000020000154        0x2 build/src/cdc_uart.o
                0x0000000020000154                Uart_Timecount
 .sbss.DownloadPoint4_Busy
                0x0000000020000156        0x1 build/src/cdc_uart.o
                0x0000000020000156                DownloadPoint4_Busy
 .sbss.UploadPoint4_Busy
                0x0000000020000157        0x1 build/src/cdc_uart.o
                0x0000000020000157                UploadPoint4_Busy
 .sbss.USBBufOutPoint
                0x0000000020000158        0x2 build/src/cdc_uart.o
                0x0000000020000158                USBBufOutPoint
 .sbss.USBByteCount
                0x000000002000015a        0x2 build/src/cdc_uart.o
                0x000000002000015a                USBByteCount
 .sbss.UartByteCount
                0x000000002000015c        0x2 build/src/cdc_uart.o
                0x000000002000015c                UartByteCount
 .sbss.Uart_Output_Point
                0x000000002000015e        0x2 build/src/cdc_uart.o
                0x000000002000015e                Uart_Output_Point
 .sbss.Uart_Input_Point
                0x0000000020000160        0x2 build/src/cdc_uart.o
                0x0000000020000160                Uart_Input_Point
 .sbss.dbg_tail
                0x0000000020000162        0x2 build/src/debug_cdc.o
 .sbss.dbg_head
                0x0000000020000164        0x2 build/src/debug_cdc.o
 .sbss.DebugUpload_Busy
                0x0000000020000166        0x1 build/src/debug_cdc.o
                0x0000000020000166                DebugUpload_Busy
 .sbss.own_pending
                0x0000000020000167        0x1 build/src/ownership.o
 .sbss.own_card_ready
                0x0000000020000168        0x1 build/src/ownership.o
                0x0000000020000168                own_card_ready
 .sbss.own_ch569_owns
                0x0000000020000169        0x1 build/src/ownership.o
                0x0000000020000169                own_ch569_owns
 .sbss.p_ms     0x000000002000016a        0x2 build/sdk/Peripheral/src/CH56x_sys.o
 .sbss.p_us     0x000000002000016c        0x1 build/sdk/Peripheral/src/CH56x_sys.o
 .sbss          0x000000002000016d        0x4 sdk/USB30Lib/libCH56x_USB30_device_lib.a(usb30_int.o)
                0x000000002000016f                ISO_MODE_STATUS
                0x0000000020000170                ISO_endp
 *fill*         0x0000000020000171        0x3 
 .sbss.__lock___malloc_recursive_mutex
                0x0000000020000174        0x1 /opt/xpack/bin/../lib/gcc/riscv-none-elf/12.2.0/../../../../riscv-none-elf/lib/libc_nano.a(lib_a-lock.o)
                0x0000000020000174                __lock___malloc_recursive_mutex
 *fill*         0x0000000020000175        0x3 
 .sbss.__lock___sfp_recursive_mutex
                0x0000000020000178        0x1 /opt/xpack/bin/../lib/gcc/riscv-none-elf/12.2.0/../../../../riscv-none-elf/lib/libc_nano.a(lib_a-lock.o)
                0x0000000020000178                __lock___sfp_recursive_mutex
 *fill*         0x0000000020000179        0x3 
 .sbss.__lock___sinit_recursive_mutex
                0x000000002000017c        0x1 /opt/xpack/bin/../lib/gcc/riscv-none-elf/12.2.0/../../../../riscv-none-elf/lib/libc_nano.a(lib_a-lock.o)
                0x000000002000017c                __lock___sinit_recursive_mutex
 *fill*         0x000000002000017d        0x3 
 .sbss.__malloc_sbrk_start
                0x0000000020000180        0x4 /opt/xpack/bin/../lib/gcc/riscv-none-elf/12.2.0/../../../../riscv-none-elf/lib/libc_nano.a(lib_a-nano-mallocr.o)
                0x0000000020000180                __malloc_sbrk_start
 .sbss.__malloc_free_list
                0x0000000020000184        0x4 /opt/xpack/bin/../lib/gcc/riscv-none-elf/12.2.0/../../../../riscv-none-elf/lib/libc_nano.a(lib_a-nano-mallocr.o)
                0x0000000020000184                __malloc_free_list
 .sbss.errno    0x0000000020000188        0x4 /opt/xpack/bin/../lib/gcc/riscv-none-elf/12.2.0/../../../../riscv-none-elf/lib/libc_nano.a(lib_a-reent.o)
                0x0000000020000188                errno
 .sbss.heap_end.0
                0x000000002000018c        0x4 /opt/xpack/bin/../lib/gcc/riscv-none-elf/12.2.0/../../../../riscv-none-elf/lib/libnosys.a(sbrk.o)
 *(.gnu.linkonce.sb.*)
 *(.bss*)
 .bss.mBOC      0x0000000020000190       0x1f build/src/SW_UDISK.o
                0x0000000020000190                mBOC
 *fill*         0x00000000200001af        0x1 
 .bss.TF_EMMCParam
                0x00000000200001b0       0x30 build/src/SW_UDISK.o
                0x00000000200001b0                TF_EMMCParam
 .bss.dbg_ring  0x00000000200001e0     0x1000 build/src/debug_cdc.o
 *(.gnu.linkonce.b.*)
 *(COMMON*)
                0x00000000200011e0                . = ALIGN (0x4)
                0x00000000200011e0                PROVIDE (_ebss = .)
                [!provide]                        PROVIDE (_end = _ebss)
                0x00000000200011e0                PROVIDE (end = .)

.DMADATA        0x0000000020020000    0x15840
                0x0000000020020000                . = ALIGN (0x10)
                0x0000000020020000                PROVIDE (_dmadata_start = .)
 *(.DMADATA*)
 .DMADATA       0x0000000020020000    0x14240 build/src/CH56x_usb30.o
                0x0000000020020040                UDisk_Out_Buf
                0x000000002002a040                UDisk_In_Buf
                0x0000000020034040                endp0RTbuff
 .DMADATA       0x0000000020034240      0x200 build/src/sd_storage.o
 .DMADATA       0x0000000020034440      0xc00 build/src/cdc_uart.o
                0x0000000020034840                endp4Rxbuff
                0x0000000020034c40                endp4Txbuff
 .DMADATA       0x0000000020035040      0x800 build/src/debug_cdc.o
                0x0000000020035040                endp6Rxbuff
                0x0000000020035440                endp6Txbuff
 *(.dmadata*)
 *(.dmadata.*)
                0x0000000020035840                . = ALIGN (0x10)
                0x0000000020035840                PROVIDE (_dmadata_end = .)

.stack          0x0000000020003800      0x800
                0x0000000020003800                . = ALIGN (0x4)
                [!provide]                        PROVIDE (_susrstack = .)
                0x0000000020004000                . = (. + __stack_size)
 *fill*         0x0000000020003800      0x800 
                0x0000000020004000                PROVIDE (_eusrstack = .)
OUTPUT(build/ch569_sd_uart_bridge.elf elf32-littleriscv)

.debug_info     0x0000000000000000     0x858b
 .debug_info    0x0000000000000000      0x8b0 build/src/Main.o
 .debug_info    0x00000000000008b0     0x1b66 build/src/CH56x_usb30.o
 .debug_info    0x0000000000002416      0xb6e build/src/CH56x_usb20.o
 .debug_info    0x0000000000002f84     0x1177 build/src/SW_UDISK.o
 .debug_info    0x00000000000040fb      0x698 build/src/SD.o
 .debug_info    0x0000000000004793      0x8de build/src/sd_storage.o
 .debug_info    0x0000000000005071      0xcd9 build/src/cdc_uart.o
 .debug_info    0x0000000000005d4a      0x2bb build/src/debug_cdc.o
 .debug_info    0x0000000000006005      0x43d build/src/ownership.o
 .debug_info    0x0000000000006442      0x16d build/sdk/Peripheral/src/CH56x_clk.o
 .debug_info    0x00000000000065af      0xeda build/sdk/Peripheral/src/CH56x_emmc.o
 .debug_info    0x0000000000007489      0x28d build/sdk/Peripheral/src/CH56x_gpio.o
 .debug_info    0x0000000000007716      0x380 build/sdk/Peripheral/src/CH56x_sys.o
 .debug_info    0x0000000000007a96      0x3f3 build/sdk/Peripheral/src/CH56x_timer.o
 .debug_info    0x0000000000007e89      0x702 build/sdk/Peripheral/src/CH56x_uart.o

.debug_abbrev   0x0000000000000000     0x234f
 .debug_abbrev  0x0000000000000000      0x2aa build/src/Main.o
 .debug_abbrev  0x00000000000002aa      0x465 build/src/CH56x_usb30.o
 .debug_abbrev  0x000000000000070f      0x3d1 build/src/CH56x_usb20.o
 .debug_abbrev  0x0000000000000ae0      0x390 build/src/SW_UDISK.o
 .debug_abbrev  0x0000000000000e70      0x20f build/src/SD.o
 .debug_abbrev  0x000000000000107f      0x273 build/src/sd_storage.o
 .debug_abbrev  0x00000000000012f2      0x340 build/src/cdc_uart.o
 .debug_abbrev  0x0000000000001632      0x1aa build/src/debug_cdc.o
 .debug_abbrev  0x00000000000017dc      0x1fb build/src/ownership.o
 .debug_abbrev  0x00000000000019d7       0xc4 build/sdk/Peripheral/src/CH56x_clk.o
 .debug_abbrev  0x0000000000001a9b      0x2fd build/sdk/Peripheral/src/CH56x_emmc.o
 .debug_abbrev  0x0000000000001d98      0x131 build/sdk/Peripheral/src/CH56x_gpio.o
 .debug_abbrev  0x0000000000001ec9      0x198 build/sdk/Peripheral/src/CH56x_sys.o
 .debug_abbrev  0x0000000000002061      0x11a build/sdk/Peripheral/src/CH56x_timer.o
 .debug_abbrev  0x000000000000217b      0x1d4 build/sdk/Peripheral/src/CH56x_uart.o

.debug_loclists
                0x0000000000000000     0x27fb
 .debug_loclists
                0x0000000000000000      0x125 build/src/Main.o
 .debug_loclists
                0x0000000000000125      0x206 build/src/CH56x_usb30.o
 .debug_loclists
                0x000000000000032b      0x20f build/src/CH56x_usb20.o
 .debug_loclists
                0x000000000000053a      0x387 build/src/SW_UDISK.o
 .debug_loclists
                0x00000000000008c1      0x6d7 build/src/SD.o
 .debug_loclists
                0x0000000000000f98      0x1b3 build/src/sd_storage.o
 .debug_loclists
                0x000000000000114b      0x14e build/src/cdc_uart.o
 .debug_loclists
                0x0000000000001299       0x5b build/src/debug_cdc.o
 .debug_loclists
                0x00000000000012f4       0x81 build/src/ownership.o
 .debug_loclists
                0x0000000000001375       0x6d build/sdk/Peripheral/src/CH56x_clk.o
 .debug_loclists
                0x00000000000013e2      0xa86 build/sdk/Peripheral/src/CH56x_emmc.o
 .debug_loclists
                0x0000000000001e68      0x191 build/sdk/Peripheral/src/CH56x_gpio.o
 .debug_loclists
                0x0000000000001ff9      0x121 build/sdk/Peripheral/src/CH56x_sys.o
 .debug_loclists
                0x000000000000211a      0x111 build/sdk/Peripheral/src/CH56x_timer.o
 .debug_loclists
                0x000000000000222b      0x5d0 build/sdk/Peripheral/src/CH56x_uart.o

.debug_aranges  0x0000000000000000      0x630
 .debug_aranges
                0x0000000000000000       0x30 build/src/Main.o
 .debug_aranges
                0x0000000000000030       0xe8 build/src/CH56x_usb30.o
 .debug_aranges
                0x0000000000000118       0x50 build/src/CH56x_usb20.o
 .debug_aranges
                0x0000000000000168       0x78 build/src/SW_UDISK.o
 .debug_aranges
                0x00000000000001e0       0x60 build/src/SD.o
 .debug_aranges
                0x0000000000000240       0x28 build/src/sd_storage.o
 .debug_aranges
                0x0000000000000268       0x48 build/src/cdc_uart.o
 .debug_aranges
                0x00000000000002b0       0x30 build/src/debug_cdc.o
 .debug_aranges
                0x00000000000002e0       0x40 build/src/ownership.o
 .debug_aranges
                0x0000000000000320       0x28 build/sdk/Peripheral/src/CH56x_clk.o
 .debug_aranges
                0x0000000000000348       0xb8 build/sdk/Peripheral/src/CH56x_emmc.o
 .debug_aranges
                0x0000000000000400       0x48 build/sdk/Peripheral/src/CH56x_gpio.o
 .debug_aranges
                0x0000000000000448       0x68 build/sdk/Peripheral/src/CH56x_sys.o
 .debug_aranges
                0x00000000000004b0       0x88 build/sdk/Peripheral/src/CH56x_timer.o
 .debug_aranges
                0x0000000000000538       0xf8 build/sdk/Peripheral/src/CH56x_uart.o

.debug_rnglists
                0x0000000000000000      0x786
 .debug_rnglists
                0x0000000000000000       0x6e build/src/Main.o
 .debug_rnglists
                0x000000000000006e      0x126 build/src/CH56x_usb30.o
 .debug_rnglists
                0x0000000000000194       0x5e build/src/CH56x_usb20.o
 .debug_rnglists
                0x00000000000001f2      0x159 build/src/SW_UDISK.o
 .debug_rnglists
                0x000000000000034b       0x96 build/src/SD.o
 .debug_rnglists
                0x00000000000003e1       0xa1 build/src/sd_storage.o
 .debug_rnglists
                0x0000000000000482       0x5f build/src/cdc_uart.o
 .debug_rnglists
                0x00000000000004e1       0x3e build/src/debug_cdc.o
 .debug_rnglists
                0x000000000000051f       0x2c build/src/ownership.o
 .debug_rnglists
                0x000000000000054b       0x1a build/sdk/Peripheral/src/CH56x_clk.o
 .debug_rnglists
                0x0000000000000565       0x8d build/sdk/Peripheral/src/CH56x_emmc.o
 .debug_rnglists
                0x00000000000005f2       0x35 build/sdk/Peripheral/src/CH56x_gpio.o
 .debug_rnglists
                0x0000000000000627       0x49 build/sdk/Peripheral/src/CH56x_sys.o
 .debug_rnglists
                0x0000000000000670       0x61 build/sdk/Peripheral/src/CH56x_timer.o
 .debug_rnglists
                0x00000000000006d1       0xb5 build/sdk/Peripheral/src/CH56x_uart.o

.debug_line     0x0000000000000000     0xa3a6
 .debug_line    0x0000000000000000      0x407 build/src/Main.o
 .debug_line    0x0000000000000407     0x1a69 build/src/CH56x_usb30.o
 .debug_line    0x0000000000001e70      0xe19 build/src/CH56x_usb20.o
 .debug_line    0x0000000000002c89     0x1964 build/src/SW_UDISK.o
 .debug_line    0x00000000000045ed      0xcc8 build/src/SD.o
 .debug_line    0x00000000000052b5      0x73f build/src/sd_storage.o
 .debug_line    0x00000000000059f4      0x81a build/src/cdc_uart.o
 .debug_line    0x000000000000620e      0x2e5 build/src/debug_cdc.o
 .debug_line    0x00000000000064f3      0x420 build/src/ownership.o
 .debug_line    0x0000000000006913      0x28e build/sdk/Peripheral/src/CH56x_clk.o
 .debug_line    0x0000000000006ba1     0x17a2 build/sdk/Peripheral/src/CH56x_emmc.o
 .debug_line    0x0000000000008343      0xc25 build/sdk/Peripheral/src/CH56x_gpio.o
 .debug_line    0x0000000000008f68      0x4a2 build/sdk/Peripheral/src/CH56x_sys.o
 .debug_line    0x000000000000940a      0x4ad build/sdk/Peripheral/src/CH56x_timer.o
 .debug_line    0x00000000000098b7      0xaef build/sdk/Peripheral/src/CH56x_uart.o

.debug_str      0x0000000000000000     0x1d2e
 .debug_str     0x0000000000000000      0x550 build/src/Main.o
                                        0x5b8 (size before relaxing)
 .debug_str     0x0000000000000550      0x90f build/src/CH56x_usb30.o
                                        0xc7d (size before relaxing)
 .debug_str     0x0000000000000e5f      0x1da build/src/CH56x_usb20.o
                                        0x6e5 (size before relaxing)
 .debug_str     0x0000000000001039      0x36a build/src/SW_UDISK.o
                                        0x98a (size before relaxing)
 .debug_str     0x00000000000013a3       0xc7 build/src/SD.o
                                        0x2e1 (size before relaxing)
 .debug_str     0x000000000000146a       0x70 build/src/sd_storage.o
                                        0x4d7 (size before relaxing)
 .debug_str     0x00000000000014da      0x157 build/src/cdc_uart.o
                                        0xa0c (size before relaxing)
 .debug_str     0x0000000000001631       0x32 build/src/debug_cdc.o
                                        0x212 (size before relaxing)
 .debug_str     0x0000000000001663       0x36 build/src/ownership.o
                                        0x40e (size before relaxing)
 .debug_str     0x0000000000001699       0x96 build/sdk/Peripheral/src/CH56x_clk.o
                                        0x20a (size before relaxing)
 .debug_str     0x000000000000172f      0x166 build/sdk/Peripheral/src/CH56x_emmc.o
                                        0x414 (size before relaxing)
 .debug_str     0x0000000000001895       0xa5 build/sdk/Peripheral/src/CH56x_gpio.o
                                        0x311 (size before relaxing)
 .debug_str     0x000000000000193a       0xbb build/sdk/Peripheral/src/CH56x_sys.o
                                        0x286 (size before relaxing)
 .debug_str     0x00000000000019f5      0x1c6 build/sdk/Peripheral/src/CH56x_timer.o
                                        0x337 (size before relaxing)
 .debug_str     0x0000000000001bbb      0x173 build/sdk/Peripheral/src/CH56x_uart.o
                                        0x36b (size before relaxing)

.debug_line_str
                0x0000000000000000      0x4b3
 .debug_line_str
                0x0000000000000000      0x245 build/src/Main.o
                                        0x250 (size before relaxing)
 .debug_line_str
                0x0000000000000245       0xf9 build/src/CH56x_usb30.o
                                        0x1d9 (size before relaxing)
 .debug_line_str
                0x000000000000033e       0x12 build/src/CH56x_usb20.o
                                        0x243 (size before relaxing)
 .debug_line_str
                0x0000000000000350       0x21 build/src/SW_UDISK.o
                                        0x18f (size before relaxing)
 .debug_line_str
                0x0000000000000371        0x9 build/src/SD.o
                                         0xef (size before relaxing)
 .debug_line_str
                0x000000000000037a       0x11 build/src/sd_storage.o
                                        0x13a (size before relaxing)
 .debug_line_str
                0x000000000000038b       0x1c build/src/cdc_uart.o
                                        0x134 (size before relaxing)
 .debug_line_str
                0x00000000000003a7       0x10 build/src/debug_cdc.o
                                         0xb1 (size before relaxing)
 .debug_line_str
                0x00000000000003b7       0x1d build/src/ownership.o
                                        0x21d (size before relaxing)
 .debug_line_str
                0x00000000000003d4       0x32 build/sdk/Peripheral/src/CH56x_clk.o
                                        0x182 (size before relaxing)
 .debug_line_str
                0x0000000000000406       0x2d build/sdk/Peripheral/src/CH56x_emmc.o
                                        0x19e (size before relaxing)
 .debug_line_str
                0x0000000000000433       0x20 build/sdk/Peripheral/src/CH56x_gpio.o
                                         0x8e (size before relaxing)
 .debug_line_str
                0x0000000000000453       0x1f build/sdk/Peripheral/src/CH56x_sys.o
                                        0x19a (size before relaxing)
 .debug_line_str
                0x0000000000000472       0x21 build/sdk/Peripheral/src/CH56x_timer.o
                                         0xa9 (size before relaxing)
 .debug_line_str
                0x0000000000000493       0x20 build/sdk/Peripheral/src/CH56x_uart.o
                                         0x8e (size before relaxing)

.comment        0x0000000000000000       0x99
 .comment       0x0000000000000000       0x33 build/src/Main.o
                                         0x34 (size before relaxing)
 .comment       0x0000000000000033       0x33 build/src/CH56x_usb30.o
                                         0x34 (size before relaxing)
 .comment       0x0000000000000066       0x34 build/src/CH56x_usb20.o
 .comment       0x0000000000000066       0x34 build/src/SW_UDISK.o
 .comment       0x0000000000000066       0x34 build/src/SD.o
 .comment       0x0000000000000066       0x34 build/src/sd_storage.o
 .comment       0x0000000000000066       0x34 build/src/cdc_uart.o
 .comment       0x0000000000000066       0x34 build/src/debug_cdc.o
 .comment       0x0000000000000066       0x34 build/src/ownership.o
 .comment       0x0000000000000066       0x34 build/sdk/Peripheral/src/CH56x_clk.o
 .comment       0x0000000000000066       0x34 build/sdk/Peripheral/src/CH56x_emmc.o
 .comment       0x0000000000000066       0x34 build/sdk/Peripheral/src/CH56x_gpio.o
 .comment       0x0000000000000066       0x34 build/sdk/Peripheral/src/CH56x_sys.o
 .comment       0x0000000000000066       0x34 build/sdk/Peripheral/src/CH56x_timer.o
 .comment       0x0000000000000066       0x34 build/sdk/Peripheral/src/CH56x_uart.o
 .comment       0x0000000000000066       0x33 sdk/USB30Lib/libCH56x_USB30_device_lib.a(usb30_int.o)
                                         0x34 (size before relaxing)
 .comment       0x0000000000000099       0x34 /opt/xpack/bin/../lib/gcc/riscv-none-elf/12.2.0/../../../../riscv-none-elf/lib/libc_nano.a(lib_a-printf.o)
 .comment       0x0000000000000099       0x34 /opt/xpack/bin/../lib/gcc/riscv-none-elf/12.2.0/../../../../riscv-none-elf/lib/libc_nano.a(lib_a-puts.o)
 .comment       0x0000000000000099       0x34 /opt/xpack/bin/../lib/gcc/riscv-none-elf/12.2.0/../../../../riscv-none-elf/lib/libc_nano.a(lib_a-wbuf.o)
 .comment       0x0000000000000099       0x34 /opt/xpack/bin/../lib/gcc/riscv-none-elf/12.2.0/../../../../riscv-none-elf/lib/libc_nano.a(lib_a-wsetup.o)
 .comment       0x0000000000000099       0x34 /opt/xpack/bin/../lib/gcc/riscv-none-elf/12.2.0/../../../../riscv-none-elf/lib/libc_nano.a(lib_a-fflush.o)
 .comment       0x0000000000000099       0x34 /opt/xpack/bin/../lib/gcc/riscv-none-elf/12.2.0/../../../../riscv-none-elf/lib/libc_nano.a(lib_a-findfp.o)
 .comment       0x0000000000000099       0x34 /opt/xpack/bin/../lib/gcc/riscv-none-elf/12.2.0/../../../../riscv-none-elf/lib/libc_nano.a(lib_a-fwalk.o)
 .comment       0x0000000000000099       0x34 /opt/xpack/bin/../lib/gcc/riscv-none-elf/12.2.0/../../../../riscv-none-elf/lib/libc_nano.a(lib_a-impure.o)
 .comment       0x0000000000000099       0x34 /opt/xpack/bin/../lib/gcc/riscv-none-elf/12.2.0/../../../../riscv-none-elf/lib/libc_nano.a(lib_a-lock.o)
 .comment       0x0000000000000099       0x34 /opt/xpack/bin/../lib/gcc/riscv-none-elf/12.2.0/../../../../riscv-none-elf/lib/libc_nano.a(lib_a-makebuf.o)
 .comment       0x0000000000000099       0x34 /opt/xpack/bin/../lib/gcc/riscv-none-elf/12.2.0/../../../../riscv-none-elf/lib/libc_nano.a(lib_a-nano-freer.o)
 .comment       0x0000000000000099       0x34 /opt/xpack/bin/../lib/gcc/riscv-none-elf/12.2.0/../../../../riscv-none-elf/lib/libc_nano.a(lib_a-nano-mallocr.o)
 .comment       0x0000000000000099       0x34 /opt/xpack/bin/../lib/gcc/riscv-none-elf/12.2.0/../../../../riscv-none-elf/lib/libc_nano.a(lib_a-nano-vfprintf.o)
 .comment       0x0000000000000099       0x34 /opt/xpack/bin/../lib/gcc/riscv-none-elf/12.2.0/../../../../riscv-none-elf/lib/libc_nano.a(lib_a-nano-vfprintf_i.o)
 .comment       0x0000000000000099       0x34 /opt/xpack/bin/../lib/gcc/riscv-none-elf/12.2.0/../../../../riscv-none-elf/lib/libc_nano.a(lib_a-sbrkr.o)
 .comment       0x0000000000000099       0x34 /opt/xpack/bin/../lib/gcc/riscv-none-elf/12.2.0/../../../../riscv-none-elf/lib/libc_nano.a(lib_a-stdio.o)
 .comment       0x0000000000000099       0x34 /opt/xpack/bin/../lib/gcc/riscv-none-elf/12.2.0/../../../../riscv-none-elf/lib/libc_nano.a(lib_a-writer.o)
 .comment       0x0000000000000099       0x34 /opt/xpack/bin/../lib/gcc/riscv-none-elf/12.2.0/../../../../riscv-none-elf/lib/libc_nano.a(lib_a-closer.o)
 .comment       0x0000000000000099       0x34 /opt/xpack/bin/../lib/gcc/riscv-none-elf/12.2.0/../../../../riscv-none-elf/lib/libc_nano.a(lib_a-fstatr.o)
 .comment       0x0000000000000099       0x34 /opt/xpack/bin/../lib/gcc/riscv-none-elf/12.2.0/../../../../riscv-none-elf/lib/libc_nano.a(lib_a-isattyr.o)
 .comment       0x0000000000000099       0x34 /opt/xpack/bin/../lib/gcc/riscv-none-elf/12.2.0/../../../../riscv-none-elf/lib/libc_nano.a(lib_a-lseekr.o)
 .comment       0x0000000000000099       0x34 /opt/xpack/bin/../lib/gcc/riscv-none-elf/12.2.0/../../../../riscv-none-elf/lib/libc_nano.a(lib_a-memchr.o)
 .comment       0x0000000000000099       0x34 /opt/xpack/bin/../lib/gcc/riscv-none-elf/12.2.0/../../../../riscv-none-elf/lib/libc_nano.a(lib_a-mlock.o)
 .comment       0x0000000000000099       0x34 /opt/xpack/bin/../lib/gcc/riscv-none-elf/12.2.0/../../../../riscv-none-elf/lib/libc_nano.a(lib_a-readr.o)
 .comment       0x0000000000000099       0x34 /opt/xpack/bin/../lib/gcc/riscv-none-elf/12.2.0/../../../../riscv-none-elf/lib/libc_nano.a(lib_a-reent.o)
 .comment       0x0000000000000099       0x34 /opt/xpack/bin/../lib/gcc/riscv-none-elf/12.2.0/../../../../riscv-none-elf/lib/libnosys.a(close.o)
 .comment       0x0000000000000099       0x34 /opt/xpack/bin/../lib/gcc/riscv-none-elf/12.2.0/../../../../riscv-none-elf/lib/libnosys.a(fstat.o)
 .comment       0x0000000000000099       0x34 /opt/xpack/bin/../lib/gcc/riscv-none-elf/12.2.0/../../../../riscv-none-elf/lib/libnosys.a(isatty.o)
 .comment       0x0000000000000099       0x34 /opt/xpack/bin/../lib/gcc/riscv-none-elf/12.2.0/../../../../riscv-none-elf/lib/libnosys.a(lseek.o)
 .comment       0x0000000000000099       0x34 /opt/xpack/bin/../lib/gcc/riscv-none-elf/12.2.0/../../../../riscv-none-elf/lib/libnosys.a(read.o)
 .comment       0x0000000000000099       0x34 /opt/xpack/bin/../lib/gcc/riscv-none-elf/12.2.0/../../../../riscv-none-elf/lib/libnosys.a(sbrk.o)

.note.GNU-stack
                0x0000000000000000        0x0
 .note.GNU-stack
                0x0000000000000000        0x0 build/src/Main.o
 .note.GNU-stack
                0x0000000000000000        0x0 build/src/CH56x_usb20.o
 .note.GNU-stack
                0x0000000000000000        0x0 build/src/debug_cdc.o
 .note.GNU-stack
                0x0000000000000000        0x0 build/src/ownership.o
 .note.GNU-stack
                0x0000000000000000        0x0 build/sdk/Peripheral/src/CH56x_clk.o
 .note.GNU-stack
                0x0000000000000000        0x0 build/sdk/Peripheral/src/CH56x_emmc.o
 .note.GNU-stack
                0x0000000000000000        0x0 build/sdk/Peripheral/src/CH56x_gpio.o
 .note.GNU-stack
                0x0000000000000000        0x0 build/sdk/Peripheral/src/CH56x_sys.o
 .note.GNU-stack
                0x0000000000000000        0x0 build/sdk/Peripheral/src/CH56x_timer.o
 .note.GNU-stack
                0x0000000000000000        0x0 build/sdk/Peripheral/src/CH56x_uart.o

.riscv.attributes
                0x0000000000000000       0x5b
 .riscv.attributes
                0x0000000000000000       0x57 build/src/Main.o
 .riscv.attributes
                0x0000000000000057       0x38 build/src/CH56x_usb30.o
 .riscv.attributes
                0x000000000000008f       0x5b build/src/CH56x_usb20.o
 .riscv.attributes
                0x00000000000000ea       0x38 build/src/SW_UDISK.o
 .riscv.attributes
                0x0000000000000122       0x34 build/src/SD.o
 .riscv.attributes
                0x0000000000000156       0x34 build/src/sd_storage.o
 .riscv.attributes
                0x000000000000018a       0x38 build/src/cdc_uart.o
 .riscv.attributes
                0x00000000000001c2       0x57 build/src/debug_cdc.o
 .riscv.attributes
                0x0000000000000219       0x57 build/src/ownership.o
 .riscv.attributes
                0x0000000000000270       0x57 build/sdk/Peripheral/src/CH56x_clk.o
 .riscv.attributes
                0x00000000000002c7       0x57 build/sdk/Peripheral/src/CH56x_emmc.o
 .riscv.attributes
                0x000000000000031e       0x57 build/sdk/Peripheral/src/CH56x_gpio.o
 .riscv.attributes
                0x0000000000000375       0x57 build/sdk/Peripheral/src/CH56x_sys.o
 .riscv.attributes
                0x00000000000003cc       0x57 build/sdk/Peripheral/src/CH56x_timer.o
 .riscv.attributes
                0x0000000000000423       0x57 build/sdk/Peripheral/src/CH56x_uart.o
 .riscv.attributes
                0x000000000000047a       0x59 build/sdk/Startup/startup_CH56x.o
 .riscv.attributes
                0x00000000000004d3       0x29 /opt/xpack/bin/../lib/gcc/riscv-none-elf/12.2.0/../../../../riscv-none-elf/lib/libc_nano.a(lib_a-memcpy-asm.o)
 .riscv.attributes
                0x00000000000004fc       0x2b /opt/xpack/bin/../lib/gcc/riscv-none-elf/12.2.0/../../../../riscv-none-elf/lib/libc_nano.a(lib_a-printf.o)
 .riscv.attributes
                0x0000000000000527       0x2b /opt/xpack/bin/../lib/gcc/riscv-none-elf/12.2.0/../../../../riscv-none-elf/lib/libc_nano.a(lib_a-puts.o)
 .riscv.attributes
                0x0000000000000552       0x2b /opt/xpack/bin/../lib/gcc/riscv-none-elf/12.2.0/../../../../riscv-none-elf/lib/libc_nano.a(lib_a-wbuf.o)
 .riscv.attributes
                0x000000000000057d       0x2b /opt/xpack/bin/../lib/gcc/riscv-none-elf/12.2.0/../../../../riscv-none-elf/lib/libc_nano.a(lib_a-wsetup.o)
 .riscv.attributes
                0x00000000000005a8       0x2b /opt/xpack/bin/../lib/gcc/riscv-none-elf/12.2.0/../../../../riscv-none-elf/lib/libc_nano.a(lib_a-fflush.o)
 .riscv.attributes
                0x00000000000005d3       0x2b /opt/xpack/bin/../lib/gcc/riscv-none-elf/12.2.0/../../../../riscv-none-elf/lib/libc_nano.a(lib_a-findfp.o)
 .riscv.attributes
                0x00000000000005fe       0x2b /opt/xpack/bin/../lib/gcc/riscv-none-elf/12.2.0/../../../../riscv-none-elf/lib/libc_nano.a(lib_a-fwalk.o)
 .riscv.attributes
                0x0000000000000629       0x2b /opt/xpack/bin/../lib/gcc/riscv-none-elf/12.2.0/../../../../riscv-none-elf/lib/libc_nano.a(lib_a-impure.o)
 .riscv.attributes
                0x0000000000000654       0x2b /opt/xpack/bin/../lib/gcc/riscv-none-elf/12.2.0/../../../../riscv-none-elf/lib/libc_nano.a(lib_a-lock.o)
 .riscv.attributes
                0x000000000000067f       0x2b /opt/xpack/bin/../lib/gcc/riscv-none-elf/12.2.0/../../../../riscv-none-elf/lib/libc_nano.a(lib_a-makebuf.o)
 .riscv.attributes
                0x00000000000006aa       0x29 /opt/xpack/bin/../lib/gcc/riscv-none-elf/12.2.0/../../../../riscv-none-elf/lib/libc_nano.a(lib_a-memset.o)
 .riscv.attributes
                0x00000000000006d3       0x2b /opt/xpack/bin/../lib/gcc/riscv-none-elf/12.2.0/../../../../riscv-none-elf/lib/libc_nano.a(lib_a-nano-freer.o)
 .riscv.attributes
                0x00000000000006fe       0x2b /opt/xpack/bin/../lib/gcc/riscv-none-elf/12.2.0/../../../../riscv-none-elf/lib/libc_nano.a(lib_a-nano-mallocr.o)
 .riscv.attributes
                0x0000000000000729       0x2b /opt/xpack/bin/../lib/gcc/riscv-none-elf/12.2.0/../../../../riscv-none-elf/lib/libc_nano.a(lib_a-nano-vfprintf.o)
 .riscv.attributes
                0x0000000000000754       0x2b /opt/xpack/bin/../lib/gcc/riscv-none-elf/12.2.0/../../../../riscv-none-elf/lib/libc_nano.a(lib_a-nano-vfprintf_i.o)
 .riscv.attributes
                0x000000000000077f       0x2b /opt/xpack/bin/../lib/gcc/riscv-none-elf/12.2.0/../../../../riscv-none-elf/lib/libc_nano.a(lib_a-sbrkr.o)
 .riscv.attributes
                0x00000000000007aa       0x2b /opt/xpack/bin/../lib/gcc/riscv-none-elf/12.2.0/../../../../riscv-none-elf/lib/libc_nano.a(lib_a-stdio.o)
 .riscv.attributes
                0x00000000000007d5       0x2b /opt/xpack/bin/../lib/gcc/riscv-none-elf/12.2.0/../../../../riscv-none-elf/lib/libc_nano.a(lib_a-writer.o)
 .riscv.attributes
                0x0000000000000800       0x2b /opt/xpack/bin/../lib/gcc/riscv-none-elf/12.2.0/../../../../riscv-none-elf/lib/libc_nano.a(lib_a-closer.o)
 .riscv.attributes
                0x000000000000082b       0x2b /opt/xpack/bin/../lib/gcc/riscv-none-elf/12.2.0/../../../../riscv-none-elf/lib/libc_nano.a(lib_a-fstatr.o)
 .riscv.attributes
                0x0000000000000856       0x2b /opt/xpack/bin/../lib/gcc/riscv-none-elf/12.2.0/../../../../riscv-none-elf/lib/libc_nano.a(lib_a-isattyr.o)
 .riscv.attributes
                0x0000000000000881       0x2b /opt/xpack/bin/../lib/gcc/riscv-none-elf/12.2.0/../../../../riscv-none-elf/lib/libc_nano.a(lib_a-lseekr.o)
 .riscv.attributes
                0x00000000000008ac       0x2b /opt/xpack/bin/../lib/gcc/riscv-none-elf/12.2.0/../../../../riscv-none-elf/lib/libc_nano.a(lib_a-memchr.o)
 .riscv.attributes
                0x00000000000008d7       0x2b /opt/xpack/bin/../lib/gcc/riscv-none-elf/12.2.0/../../../../riscv-none-elf/lib/libc_nano.a(lib_a-mlock.o)
 .riscv.attributes
                0x0000000000000902       0x2b /opt/xpack/bin/../lib/gcc/riscv-none-elf/12.2.0/../../../../riscv-none-elf/lib/libc_nano.a(lib_a-readr.o)
 .riscv.attributes
                0x000000000000092d       0x2b /opt/xpack/bin/../lib/gcc/riscv-none-elf/12.2.0/../../../../riscv-none-elf/lib/libc_nano.a(lib_a-reent.o)
 .riscv.attributes
                0x0000000000000958       0x2b /opt/xpack/bin/../lib/gcc/riscv-none-elf/12.2.0/../../../../riscv-none-elf/lib/libnosys.a(close.o)
 .riscv.attributes
                0x0000000000000983       0x2b /opt/xpack/bin/../lib/gcc/riscv-none-elf/12.2.0/../../../../riscv-none-elf/lib/libnosys.a(fstat.o)
 .riscv.attributes
                0x00000000000009ae       0x2b /opt/xpack/bin/../lib/gcc/riscv-none-elf/12.2.0/../../../../riscv-none-elf/lib/libnosys.a(isatty.o)
 .riscv.attributes
                0x00000000000009d9       0x2b /opt/xpack/bin/../lib/gcc/riscv-none-elf/12.2.0/../../../../riscv-none-elf/lib/libnosys.a(lseek.o)
 .riscv.attributes
                0x0000000000000a04       0x2b /opt/xpack/bin/../lib/gcc/riscv-none-elf/12.2.0/../../../../riscv-none-elf/lib/libnosys.a(read.o)
 .riscv.attributes
                0x0000000000000a2f       0x2b /opt/xpack/bin/../lib/gcc/riscv-none-elf/12.2.0/../../../../riscv-none-elf/lib/libnosys.a(sbrk.o)

.debug_frame    0x0000000000000000     0x1200
 .debug_frame   0x0000000000000000       0x4c build/src/Main.o
 .debug_frame   0x000000000000004c      0x378 build/src/CH56x_usb30.o
 .debug_frame   0x00000000000003c4      0x100 build/src/CH56x_usb20.o
 .debug_frame   0x00000000000004c4      0x24c build/src/SW_UDISK.o
 .debug_frame   0x0000000000000710      0x194 build/src/SD.o
 .debug_frame   0x00000000000008a4       0x74 build/src/sd_storage.o
 .debug_frame   0x0000000000000918       0xfc build/src/cdc_uart.o
 .debug_frame   0x0000000000000a14       0x54 build/src/debug_cdc.o
 .debug_frame   0x0000000000000a68       0xac build/src/ownership.o
 .debug_frame   0x0000000000000b14       0x30 build/sdk/Peripheral/src/CH56x_clk.o
 .debug_frame   0x0000000000000b44      0x2cc build/sdk/Peripheral/src/CH56x_emmc.o
 .debug_frame   0x0000000000000e10       0x70 build/sdk/Peripheral/src/CH56x_gpio.o
 .debug_frame   0x0000000000000e80       0xc0 build/sdk/Peripheral/src/CH56x_sys.o
 .debug_frame   0x0000000000000f40       0xf0 build/sdk/Peripheral/src/CH56x_timer.o
 .debug_frame   0x0000000000001030      0x1d0 build/sdk/Peripheral/src/CH56x_uart.o
